// Vitest Snapshot v1, https://vitest.dev/guide/snapshot.html

exports[`@xsai/stream-text-new > fullStream 1`] = `
[
  {
    "toolName": "add",
    "type": "tool-call-streaming-start",
  },
  {
    "text": "",
    "type": "text-delta",
  },
  {
    "args": "{"a":114514,"b":1919810}",
    "toolName": "add",
    "type": "tool-call",
  },
  {
    "args": {
      "a": 114514,
      "b": 1919810,
    },
    "result": "2034324",
    "toolName": "add",
    "type": "tool-result",
  },
  {
    "text": "The",
    "type": "text-delta",
  },
  {
    "text": " sum",
    "type": "text-delta",
  },
  {
    "text": " of",
    "type": "text-delta",
  },
  {
    "text": " ",
    "type": "text-delta",
  },
  {
    "text": "1",
    "type": "text-delta",
  },
  {
    "text": "1",
    "type": "text-delta",
  },
  {
    "text": "4",
    "type": "text-delta",
  },
  {
    "text": "5",
    "type": "text-delta",
  },
  {
    "text": "1",
    "type": "text-delta",
  },
  {
    "text": "4",
    "type": "text-delta",
  },
  {
    "text": " and",
    "type": "text-delta",
  },
  {
    "text": " ",
    "type": "text-delta",
  },
  {
    "text": "1",
    "type": "text-delta",
  },
  {
    "text": "9",
    "type": "text-delta",
  },
  {
    "text": "1",
    "type": "text-delta",
  },
  {
    "text": "9",
    "type": "text-delta",
  },
  {
    "text": "8",
    "type": "text-delta",
  },
  {
    "text": "1",
    "type": "text-delta",
  },
  {
    "text": "0",
    "type": "text-delta",
  },
  {
    "text": " is",
    "type": "text-delta",
  },
  {
    "text": " ",
    "type": "text-delta",
  },
  {
    "text": "2",
    "type": "text-delta",
  },
  {
    "text": "0",
    "type": "text-delta",
  },
  {
    "text": "3",
    "type": "text-delta",
  },
  {
    "text": "4",
    "type": "text-delta",
  },
  {
    "text": "3",
    "type": "text-delta",
  },
  {
    "text": "2",
    "type": "text-delta",
  },
  {
    "text": "4",
    "type": "text-delta",
  },
  {
    "text": ".",
    "type": "text-delta",
  },
  {
    "text": "",
    "type": "text-delta",
  },
]
`;

exports[`@xsai/stream-text-new > fullStream 2`] = `"The sum of 114514 and 1919810 is 2034324."`;
