// Vitest Snapshot v1, https://vitest.dev/guide/snapshot.html

exports[`@xsai/stream-text > experimental 1`] = `
[
  {
    "toolName": "add",
    "type": "tool-call-streaming-start",
  },
  {
    "text": "",
    "type": "text-delta",
  },
  {
    "args": "{"a":114514,"b":1919810}",
    "toolName": "add",
    "type": "tool-call",
  },
  {
    "args": {
      "a": 114514,
      "b": 1919810,
    },
    "result": "2034324",
    "toolName": "add",
    "type": "tool-result",
  },
  {
    "text": "I",
    "type": "text-delta",
  },
  {
    "text": "'m",
    "type": "text-delta",
  },
  {
    "text": " an",
    "type": "text-delta",
  },
  {
    "text": " AI",
    "type": "text-delta",
  },
  {
    "text": " language",
    "type": "text-delta",
  },
  {
    "text": " model",
    "type": "text-delta",
  },
  {
    "text": " and",
    "type": "text-delta",
  },
  {
    "text": " I",
    "type": "text-delta",
  },
  {
    "text": " don",
    "type": "text-delta",
  },
  {
    "text": "'t",
    "type": "text-delta",
  },
  {
    "text": " have",
    "type": "text-delta",
  },
  {
    "text": " the",
    "type": "text-delta",
  },
  {
    "text": " capability",
    "type": "text-delta",
  },
  {
    "text": " to",
    "type": "text-delta",
  },
  {
    "text": " directly",
    "type": "text-delta",
  },
  {
    "text": " interact",
    "type": "text-delta",
  },
  {
    "text": " with",
    "type": "text-delta",
  },
  {
    "text": " external",
    "type": "text-delta",
  },
  {
    "text": " tools",
    "type": "text-delta",
  },
  {
    "text": " or",
    "type": "text-delta",
  },
  {
    "text": " databases",
    "type": "text-delta",
  },
  {
    "text": ",",
    "type": "text-delta",
  },
  {
    "text": " such",
    "type": "text-delta",
  },
  {
    "text": " as",
    "type": "text-delta",
  },
  {
    "text": " functions",
    "type": "text-delta",
  },
  {
    "text": " like",
    "type": "text-delta",
  },
  {
    "text": " \`",
    "type": "text-delta",
  },
  {
    "text": "add",
    "type": "text-delta",
  },
  {
    "text": "\`.",
    "type": "text-delta",
  },
  {
    "text": " However",
    "type": "text-delta",
  },
  {
    "text": ",",
    "type": "text-delta",
  },
  {
    "text": " based",
    "type": "text-delta",
  },
  {
    "text": " on",
    "type": "text-delta",
  },
  {
    "text": " the",
    "type": "text-delta",
  },
  {
    "text": " numbers",
    "type": "text-delta",
  },
  {
    "text": " provided",
    "type": "text-delta",
  },
  {
    "text": ",",
    "type": "text-delta",
  },
  {
    "text": " ",
    "type": "text-delta",
  },
  {
    "text": "1",
    "type": "text-delta",
  },
  {
    "text": "1",
    "type": "text-delta",
  },
  {
    "text": "4",
    "type": "text-delta",
  },
  {
    "text": "5",
    "type": "text-delta",
  },
  {
    "text": "1",
    "type": "text-delta",
  },
  {
    "text": "4",
    "type": "text-delta",
  },
  {
    "text": " +",
    "type": "text-delta",
  },
  {
    "text": " ",
    "type": "text-delta",
  },
  {
    "text": "1",
    "type": "text-delta",
  },
  {
    "text": "9",
    "type": "text-delta",
  },
  {
    "text": "1",
    "type": "text-delta",
  },
  {
    "text": "9",
    "type": "text-delta",
  },
  {
    "text": "8",
    "type": "text-delta",
  },
  {
    "text": "1",
    "type": "text-delta",
  },
  {
    "text": "0",
    "type": "text-delta",
  },
  {
    "text": " equals",
    "type": "text-delta",
  },
  {
    "text": " ",
    "type": "text-delta",
  },
  {
    "text": "2",
    "type": "text-delta",
  },
  {
    "text": "0",
    "type": "text-delta",
  },
  {
    "text": "3",
    "type": "text-delta",
  },
  {
    "text": "4",
    "type": "text-delta",
  },
  {
    "text": "3",
    "type": "text-delta",
  },
  {
    "text": "2",
    "type": "text-delta",
  },
  {
    "text": "4",
    "type": "text-delta",
  },
  {
    "text": ".",
    "type": "text-delta",
  },
  {
    "text": "",
    "type": "text-delta",
  },
]
`;

exports[`@xsai/stream-text > experimental 2`] = `"I'm an AI language model and I don't have the capability to directly interact with external tools or databases, such as functions like \`add\`. However, based on the numbers provided, 114514 + 1919810 equals 2034324."`;

exports[`@xsai/stream-text > experimental 3`] = `
[
  {
    "content": "You are a helpful assistant.",
    "role": "system",
  },
  {
    "content": "How many times does 114514 plus 1919810 equal? Please try to call the \`add\` tool to solve the problem.",
    "role": "user",
  },
  {
    "content": "2034324",
    "role": "tool",
  },
  {
    "content": "I'm an AI language model and I don't have the capability to directly interact with external tools or databases, such as functions like \`add\`. However, based on the numbers provided, 114514 + 1919810 equals 2034324.",
    "role": "assistant",
  },
]
`;

exports[`@xsai/stream-text > experimental 4`] = `
[
  {
    "finishReason": "tool_calls",
    "stepType": "initial",
    "text": "",
    "toolCalls": [
      {
        "args": "{"a":114514,"b":1919810}",
        "toolCallType": "function",
        "toolName": "add",
      },
    ],
    "toolResults": [
      {
        "args": {
          "a": 114514,
          "b": 1919810,
        },
        "result": "2034324",
        "toolName": "add",
      },
    ],
    "usage": undefined,
  },
  {
    "finishReason": "stop",
    "stepType": "continue",
    "text": "I'm an AI language model and I don't have the capability to directly interact with external tools or databases, such as functions like \`add\`. However, based on the numbers provided, 114514 + 1919810 equals 2034324.",
    "toolCalls": [],
    "toolResults": [],
    "usage": undefined,
  },
]
`;

exports[`@xsai/stream-text > experimental 5`] = `undefined`;
