// Vitest Snapshot v1, https://vitest.dev/guide/snapshot.html

exports[`@xsai/generate-transcription > verbose_json + segment 1`] = `
[
  {
    "avg_logprob": -0.084375,
    "compression_ratio": 1.035294117647059,
    "end": 4.66,
    "id": 1,
    "no_speech_prob": 0,
    "seek": 0,
    "start": 0,
    "temperature": 0,
    "text": " Hello, I am your AI assistant. Just let me know how I can help bring your ideas to life.",
    "tokens": [
      50365,
      2425,
      11,
      286,
      669,
      428,
      7318,
      10994,
      13,
      1449,
      718,
      385,
      458,
      577,
      286,
      393,
      854,
      1565,
      428,
      3487,
      281,
      993,
      13,
      50598,
    ],
    "words": null,
  },
]
`;

exports[`@xsai/generate-transcription > verbose_json + word 1`] = `
[
  {
    "end": 0.4,
    "probability": 0.8837890625,
    "start": 0,
    "word": " Hello,",
  },
  {
    "end": 0.82,
    "probability": 0.97509765625,
    "start": 0.72,
    "word": " I",
  },
  {
    "end": 0.94,
    "probability": 0.98876953125,
    "start": 0.82,
    "word": " am",
  },
  {
    "end": 1.08,
    "probability": 0.99853515625,
    "start": 0.94,
    "word": " your",
  },
  {
    "end": 1.28,
    "probability": 0.9443359375,
    "start": 1.08,
    "word": " AI",
  },
  {
    "end": 1.68,
    "probability": 0.86474609375,
    "start": 1.28,
    "word": " assistant.",
  },
  {
    "end": 2.56,
    "probability": 0.99658203125,
    "start": 2.22,
    "word": " Just",
  },
  {
    "end": 2.68,
    "probability": 0.9990234375,
    "start": 2.56,
    "word": " let",
  },
  {
    "end": 2.78,
    "probability": 1,
    "start": 2.68,
    "word": " me",
  },
  {
    "end": 2.94,
    "probability": 0.99951171875,
    "start": 2.78,
    "word": " know",
  },
  {
    "end": 3.12,
    "probability": 0.9990234375,
    "start": 2.94,
    "word": " how",
  },
  {
    "end": 3.24,
    "probability": 0.9921875,
    "start": 3.12,
    "word": " I",
  },
  {
    "end": 3.36,
    "probability": 0.99951171875,
    "start": 3.24,
    "word": " can",
  },
  {
    "end": 3.56,
    "probability": 0.99951171875,
    "start": 3.36,
    "word": " help",
  },
  {
    "end": 3.74,
    "probability": 0.99853515625,
    "start": 3.56,
    "word": " bring",
  },
  {
    "end": 3.88,
    "probability": 0.998046875,
    "start": 3.74,
    "word": " your",
  },
  {
    "end": 4.2,
    "probability": 0.9990234375,
    "start": 3.88,
    "word": " ideas",
  },
  {
    "end": 4.36,
    "probability": 0.99951171875,
    "start": 4.2,
    "word": " to",
  },
  {
    "end": 4.64,
    "probability": 0.9990234375,
    "start": 4.36,
    "word": " life.",
  },
]
`;
