// Vitest Snapshot v1, https://vitest.dev/guide/snapshot.html

exports[`toJsonSchema > arktype 1`] = `
{
  "description": "My neat object schema",
  "properties": {
    "myString": {
      "type": "string",
    },
    "myUnion": {
      "anyOf": [
        {
          "type": "number",
        },
        {
          "type": "boolean",
        },
      ],
    },
  },
  "required": [
    "myString",
    "myUnion",
  ],
  "type": "object",
}
`;
