// Vitest Snapshot v1, https://vitest.dev/guide/snapshot.html

exports[`@xsai/embed > embedMany 1`] = `
[
  [
    "0.010",
    "-0.002",
    "0.050",
    "0.047",
    "0.055",
    "0.009",
    "0.105",
    "-0.026",
    "0.130",
    "0.032",
    "-0.044",
    "-0.009",
    "-0.001",
    "-0.064",
    "-0.016",
    "0.047",
    "-0.022",
    "-0.158",
    "-0.073",
    "-0.061",
    "-0.066",
    "0.054",
    "-0.062",
    "0.039",
    "-0.046",
    "0.055",
    "-0.035",
    "0.013",
    "0.043",
    "-0.008",
    "-0.019",
    "0.061",
    "0.037",
    "0.013",
    "-0.026",
    "-0.043",
    "0.073",
    "-0.049",
    "0.004",
    "-0.029",
    "-0.029",
    "-0.033",
    "-0.018",
    "0.016",
    "-0.012",
    "0.015",
    "-0.009",
    "0.026",
    "0.095",
    "-0.016",
    "-0.025",
    "0.009",
    "-0.077",
    "0.016",
    "0.050",
    "0.116",
    "0.001",
    "-0.020",
    "0.092",
    "0.008",
    "-0.057",
    "0.069",
    "-0.077",
    "0.069",
    "0.092",
    "-0.055",
    "-0.054",
    "0.008",
    "-0.063",
    "-0.066",
    "-0.025",
    "0.019",
    "0.061",
    "-0.028",
    "0.036",
    "0.001",
    "0.061",
    "-0.068",
    "-0.008",
    "-0.013",
    "0.031",
    "-0.064",
    "-0.074",
    "0.119",
    "0.013",
    "0.065",
    "0.015",
    "0.051",
    "-0.085",
    "0.010",
    "-0.008",
    "-0.036",
    "-0.115",
    "-0.031",
    "-0.083",
    "0.014",
    "0.057",
    "-0.041",
    "0.043",
    "0.022",
    "0.047",
    "-0.051",
    "0.030",
    "0.007",
    "-0.004",
    "-0.031",
    "0.078",
    "0.034",
    "0.061",
    "0.007",
    "-0.036",
    "-0.085",
    "0.022",
    "-0.019",
    "-0.040",
    "0.055",
    "-0.034",
    "0.018",
    "-0.106",
    "-0.050",
    "-0.012",
    "0.038",
    "0.022",
    "0.081",
    "0.008",
    "-0.017",
    "-0.059",
    "-0.000",
    "0.135",
    "-0.011",
    "0.092",
    "0.036",
    "0.040",
    "-0.055",
    "-0.035",
    "-0.004",
    "-0.020",
    "-0.035",
    "-0.006",
    "-0.015",
    "-0.024",
    "-0.048",
    "0.048",
    "-0.017",
    "-0.061",
    "0.006",
    "-0.083",
    "0.084",
    "-0.105",
    "0.042",
    "-0.037",
    "-0.008",
    "-0.028",
    "-0.043",
    "0.036",
    "0.075",
    "0.056",
    "0.012",
    "0.098",
    "0.105",
    "-0.022",
    "0.046",
    "-0.026",
    "-0.051",
    "-0.015",
    "-0.006",
    "-0.086",
    "0.029",
    "-0.054",
    "0.057",
    "-0.060",
    "0.012",
    "0.066",
    "-0.013",
    "0.038",
    "-0.089",
    "-0.057",
    "0.032",
    "-0.034",
    "0.024",
    "0.014",
    "-0.042",
    "0.068",
    "0.031",
    "0.070",
    "-0.035",
    "-0.003",
    "0.049",
    "-0.013",
    "-0.003",
    "0.051",
    "0.079",
    "0.038",
    "-0.012",
    "0.038",
    "0.042",
    "-0.013",
    "-0.079",
    "0.009",
    "0.013",
    "0.024",
    "0.010",
    "-0.011",
    "-0.082",
    "0.027",
    "-0.030",
    "-0.004",
    "0.013",
    "-0.035",
    "-0.020",
    "0.055",
    "-0.061",
    "-0.055",
    "0.013",
    "-0.019",
    "-0.013",
    "-0.016",
    "-0.069",
    "-0.045",
    "-0.049",
    "0.048",
    "-0.104",
    "-0.108",
    "0.000",
    "-0.000",
    "-0.086",
    "-0.088",
    "0.007",
    "-0.007",
    "-0.017",
    "0.045",
    "0.068",
    "-0.043",
    "0.086",
    "0.046",
    "0.068",
    "0.010",
    "-0.003",
    "0.059",
    "-0.036",
    "0.036",
    "0.066",
    "-0.038",
    "-0.062",
    "-0.045",
    "0.077",
    "0.043",
    "-0.021",
    "-0.022",
    "0.062",
    "-0.039",
    "0.028",
    "-0.013",
    "0.051",
    "-0.037",
    "0.055",
    "-0.066",
    "0.023",
    "0.005",
    "0.090",
    "0.005",
    "-0.083",
    "-0.055",
    "0.073",
    "-0.110",
    "-0.020",
    "0.113",
    "-0.053",
    "-0.058",
    "-0.024",
    "0.057",
    "0.127",
    "0.036",
    "-0.044",
    "0.017",
    "-0.025",
    "0.073",
    "0.043",
    "0.080",
    "-0.019",
    "-0.034",
    "0.097",
    "0.052",
    "0.011",
    "0.040",
    "0.002",
    "-0.008",
    "0.002",
    "0.014",
    "0.020",
    "-0.023",
    "0.021",
    "-0.009",
    "-0.051",
    "-0.016",
    "-0.090",
    "-0.061",
    "0.081",
    "0.002",
    "0.042",
    "0.044",
    "-0.025",
    "-0.095",
    "0.089",
    "-0.098",
    "-0.005",
    "0.035",
    "0.014",
    "-0.065",
    "-0.076",
    "0.012",
    "-0.050",
    "-0.056",
    "-0.057",
    "-0.018",
    "-0.002",
    "-0.002",
    "0.035",
    "-0.055",
    "-0.000",
    "-0.008",
    "0.027",
    "0.002",
    "0.010",
    "-0.022",
    "-0.022",
    "0.111",
    "0.005",
    "0.038",
    "0.004",
    "-0.067",
    "-0.028",
    "-0.044",
    "0.071",
    "0.019",
    "-0.049",
    "-0.104",
    "-0.044",
    "0.010",
    "0.042",
    "-0.014",
    "-0.034",
    "-0.025",
    "-0.014",
    "0.003",
    "0.033",
    "-0.022",
    "0.022",
    "0.071",
    "0.021",
    "0.024",
    "0.036",
    "-0.001",
    "-0.061",
    "-0.085",
    "0.007",
    "-0.039",
    "0.080",
    "-0.026",
    "-0.060",
    "0.061",
    "0.082",
    "-0.057",
    "0.005",
    "0.045",
    "0.024",
    "0.044",
    "0.091",
    "-0.051",
    "-0.011",
    "-0.069",
    "0.007",
    "0.073",
    "-0.043",
    "0.026",
    "-0.114",
    "-0.010",
    "0.022",
    "0.027",
    "0.004",
    "0.016",
    "0.004",
    "-0.021",
    "0.034",
  ],
  [
    "-0.010",
    "0.060",
    "0.025",
    "-0.006",
    "0.073",
    "0.017",
    "0.090",
    "-0.052",
    "0.100",
    "0.091",
    "0.007",
    "-0.020",
    "-0.075",
    "-0.017",
    "0.019",
    "0.041",
    "-0.011",
    "-0.059",
    "-0.125",
    "-0.049",
    "-0.044",
    "0.031",
    "0.038",
    "-0.032",
    "-0.091",
    "0.064",
    "-0.077",
    "0.085",
    "0.036",
    "-0.071",
    "0.021",
    "0.110",
    "0.033",
    "-0.026",
    "-0.062",
    "-0.027",
    "0.021",
    "-0.054",
    "0.057",
    "0.033",
    "-0.090",
    "-0.057",
    "0.027",
    "0.075",
    "-0.071",
    "-0.004",
    "0.054",
    "0.026",
    "0.078",
    "-0.049",
    "0.057",
    "-0.049",
    "-0.076",
    "0.007",
    "0.006",
    "0.037",
    "0.025",
    "0.022",
    "0.010",
    "-0.040",
    "-0.012",
    "-0.033",
    "-0.076",
    "0.071",
    "-0.021",
    "-0.063",
    "-0.001",
    "-0.055",
    "0.009",
    "-0.087",
    "0.021",
    "0.053",
    "-0.010",
    "-0.053",
    "-0.065",
    "0.042",
    "0.045",
    "0.033",
    "-0.020",
    "0.000",
    "0.038",
    "0.051",
    "0.005",
    "0.057",
    "0.046",
    "0.043",
    "-0.017",
    "0.012",
    "-0.057",
    "-0.035",
    "-0.019",
    "-0.007",
    "-0.074",
    "0.044",
    "-0.099",
    "0.041",
    "-0.024",
    "-0.120",
    "0.000",
    "-0.004",
    "0.056",
    "-0.000",
    "0.071",
    "-0.036",
    "-0.064",
    "-0.009",
    "-0.042",
    "0.078",
    "-0.024",
    "0.008",
    "-0.024",
    "-0.019",
    "-0.034",
    "0.078",
    "-0.061",
    "0.054",
    "0.034",
    "0.013",
    "-0.033",
    "0.030",
    "-0.017",
    "0.028",
    "-0.018",
    "0.067",
    "-0.070",
    "-0.018",
    "-0.037",
    "-0.000",
    "-0.006",
    "-0.032",
    "0.048",
    "-0.099",
    "0.094",
    "-0.052",
    "-0.037",
    "-0.026",
    "-0.037",
    "-0.030",
    "0.006",
    "-0.098",
    "-0.018",
    "-0.072",
    "0.039",
    "0.009",
    "-0.131",
    "0.021",
    "-0.076",
    "-0.010",
    "-0.017",
    "0.058",
    "0.022",
    "0.002",
    "0.009",
    "-0.031",
    "0.080",
    "0.031",
    "0.057",
    "-0.012",
    "0.116",
    "0.004",
    "0.018",
    "0.043",
    "0.029",
    "-0.007",
    "-0.025",
    "-0.026",
    "0.013",
    "0.122",
    "-0.004",
    "-0.045",
    "0.043",
    "-0.018",
    "0.062",
    "-0.039",
    "0.017",
    "0.008",
    "-0.026",
    "0.010",
    "0.023",
    "0.053",
    "0.069",
    "0.053",
    "-0.000",
    "0.010",
    "0.089",
    "-0.030",
    "-0.091",
    "-0.051",
    "-0.074",
    "0.086",
    "0.003",
    "0.011",
    "-0.008",
    "-0.011",
    "-0.029",
    "0.065",
    "0.005",
    "0.069",
    "0.043",
    "-0.019",
    "-0.017",
    "-0.037",
    "-0.006",
    "-0.087",
    "-0.009",
    "-0.013",
    "-0.005",
    "0.042",
    "-0.036",
    "0.017",
    "-0.087",
    "-0.051",
    "-0.150",
    "-0.002",
    "-0.026",
    "0.018",
    "0.022",
    "-0.015",
    "0.004",
    "-0.015",
    "-0.013",
    "-0.098",
    "-0.012",
    "0.000",
    "-0.023",
    "0.009",
    "-0.006",
    "0.066",
    "0.043",
    "-0.040",
    "0.027",
    "0.032",
    "-0.029",
    "0.046",
    "-0.056",
    "0.092",
    "-0.047",
    "0.080",
    "0.119",
    "0.049",
    "-0.067",
    "0.107",
    "0.009",
    "-0.051",
    "-0.068",
    "0.016",
    "-0.010",
    "0.044",
    "-0.030",
    "0.023",
    "-0.032",
    "-0.022",
    "-0.002",
    "-0.010",
    "0.003",
    "-0.037",
    "-0.112",
    "0.029",
    "0.030",
    "0.032",
    "-0.017",
    "-0.018",
    "-0.036",
    "0.084",
    "0.008",
    "-0.024",
    "0.159",
    "0.032",
    "-0.070",
    "-0.034",
    "-0.016",
    "0.080",
    "-0.062",
    "0.047",
    "0.045",
    "0.104",
    "0.030",
    "0.048",
    "0.097",
    "-0.016",
    "-0.064",
    "0.020",
    "-0.094",
    "-0.003",
    "0.020",
    "-0.027",
    "-0.079",
    "0.069",
    "0.108",
    "-0.033",
    "-0.064",
    "0.017",
    "0.019",
    "-0.023",
    "-0.019",
    "-0.019",
    "-0.064",
    "-0.032",
    "-0.003",
    "0.059",
    "0.060",
    "-0.045",
    "-0.067",
    "0.044",
    "-0.020",
    "-0.007",
    "0.047",
    "-0.047",
    "0.035",
    "-0.015",
    "-0.039",
    "0.047",
    "0.052",
    "0.001",
    "0.053",
    "0.025",
    "-0.029",
    "0.035",
    "0.013",
    "-0.000",
    "-0.034",
    "0.007",
    "-0.011",
    "0.043",
    "0.015",
    "-0.042",
    "0.106",
    "-0.013",
    "-0.002",
    "0.040",
    "-0.081",
    "0.034",
    "-0.020",
    "0.078",
    "0.060",
    "-0.016",
    "-0.113",
    "-0.043",
    "0.023",
    "0.074",
    "-0.061",
    "-0.046",
    "-0.088",
    "0.053",
    "-0.044",
    "0.030",
    "0.039",
    "0.017",
    "0.028",
    "0.078",
    "0.056",
    "0.053",
    "-0.011",
    "-0.030",
    "-0.085",
    "-0.016",
    "0.030",
    "0.069",
    "-0.062",
    "-0.122",
    "0.012",
    "0.073",
    "-0.018",
    "0.003",
    "0.014",
    "-0.038",
    "-0.053",
    "0.060",
    "-0.053",
    "0.018",
    "-0.104",
    "0.011",
    "0.043",
    "0.043",
    "-0.003",
    "-0.085",
    "-0.040",
    "-0.004",
    "0.013",
    "-0.008",
    "-0.029",
    "-0.036",
    "0.059",
    "-0.000",
  ],
]
`;
