// Vitest Snapshot v1, https://vitest.dev/guide/snapshot.html

exports[`@xsai/embed > embed 1`] = `
[
  "-0.015",
  "0.064",
  "0.054",
  "0.072",
  "0.063",
  "-0.037",
  "0.112",
  "-0.128",
  "0.019",
  "0.017",
  "0.063",
  "-0.033",
  "0.054",
  "0.040",
  "0.136",
  "0.059",
  "0.003",
  "-0.006",
  "-0.005",
  "0.001",
  "-0.068",
  "0.029",
  "-0.072",
  "0.013",
  "-0.025",
  "0.040",
  "0.075",
  "0.030",
  "-0.054",
  "-0.035",
  "-0.038",
  "0.065",
  "-0.045",
  "0.004",
  "0.012",
  "-0.030",
  "0.004",
  "-0.161",
  "-0.071",
  "0.082",
  "-0.058",
  "-0.097",
  "0.066",
  "0.050",
  "0.014",
  "-0.094",
  "0.050",
  "0.030",
  "0.108",
  "-0.004",
  "-0.019",
  "-0.026",
  "-0.060",
  "-0.003",
  "-0.098",
  "0.064",
  "-0.038",
  "-0.029",
  "0.084",
  "-0.026",
  "0.041",
  "0.062",
  "-0.058",
  "0.004",
  "0.115",
  "-0.030",
  "-0.056",
  "-0.049",
  "-0.014",
  "-0.042",
  "-0.088",
  "0.033",
  "0.062",
  "0.025",
  "-0.047",
  "-0.019",
  "0.025",
  "0.023",
  "0.007",
  "-0.122",
  "0.005",
  "-0.108",
  "-0.012",
  "0.035",
  "0.010",
  "-0.019",
  "0.011",
  "0.102",
  "0.054",
  "0.028",
  "-0.130",
  "-0.052",
  "-0.121",
  "-0.009",
  "-0.073",
  "-0.038",
  "-0.035",
  "0.029",
  "-0.019",
  "0.090",
  "0.055",
  "0.073",
  "-0.069",
  "0.019",
  "0.073",
  "-0.013",
  "-0.014",
  "0.017",
  "-0.007",
  "-0.065",
  "-0.047",
  "0.040",
  "0.052",
  "0.015",
  "-0.009",
  "-0.010",
  "0.077",
  "0.021",
  "-0.067",
  "-0.006",
  "0.079",
  "0.015",
  "0.057",
  "0.094",
  "-0.041",
  "0.011",
  "0.072",
  "-0.000",
  "0.076",
  "0.003",
  "0.059",
  "-0.002",
  "0.112",
  "-0.004",
  "-0.047",
  "-0.057",
  "-0.034",
  "-0.053",
  "-0.045",
  "-0.023",
  "-0.053",
  "-0.023",
  "0.073",
  "-0.040",
  "0.025",
  "0.029",
  "-0.074",
  "0.065",
  "-0.109",
  "0.023",
  "-0.007",
  "-0.033",
  "-0.055",
  "0.017",
  "0.053",
  "-0.007",
  "0.035",
  "0.058",
  "0.036",
  "-0.092",
  "0.058",
  "0.040",
  "0.059",
  "-0.050",
  "-0.024",
  "-0.032",
  "0.028",
  "-0.021",
  "0.013",
  "-0.035",
  "0.018",
  "0.014",
  "0.009",
  "0.031",
  "0.040",
  "0.057",
  "-0.015",
  "-0.014",
  "-0.062",
  "-0.021",
  "-0.005",
  "-0.028",
  "-0.016",
  "-0.052",
  "-0.008",
  "-0.066",
  "-0.095",
  "0.052",
  "0.031",
  "0.041",
  "-0.045",
  "-0.032",
  "-0.077",
  "0.048",
  "0.044",
  "0.055",
  "-0.081",
  "-0.034",
  "0.022",
  "0.030",
  "0.092",
  "-0.044",
  "0.005",
  "-0.002",
  "0.137",
  "0.014",
  "-0.071",
  "0.032",
  "-0.015",
  "0.104",
  "0.032",
  "-0.020",
  "-0.044",
  "0.028",
  "-0.035",
  "-0.002",
  "-0.024",
  "-0.032",
  "-0.108",
  "-0.033",
  "0.052",
  "-0.052",
  "-0.015",
  "0.000",
  "0.023",
  "-0.034",
  "-0.047",
  "-0.001",
  "0.031",
  "-0.053",
  "0.004",
  "0.066",
  "-0.057",
  "0.015",
  "-0.052",
  "0.013",
  "0.017",
  "-0.104",
  "0.040",
  "0.013",
  "0.020",
  "0.026",
  "-0.056",
  "0.091",
  "-0.052",
  "0.021",
  "0.086",
  "0.034",
  "0.022",
  "0.016",
  "0.047",
  "0.052",
  "-0.078",
  "-0.026",
  "-0.053",
  "0.051",
  "-0.018",
  "-0.058",
  "-0.036",
  "0.106",
  "0.010",
  "-0.065",
  "-0.000",
  "0.058",
  "-0.021",
  "-0.092",
  "0.023",
  "-0.006",
  "0.016",
  "0.022",
  "-0.031",
  "0.046",
  "-0.025",
  "-0.013",
  "-0.028",
  "-0.049",
  "-0.012",
  "0.064",
  "-0.012",
  "-0.006",
  "-0.041",
  "0.020",
  "-0.063",
  "0.003",
  "-0.041",
  "-0.018",
  "-0.076",
  "0.065",
  "-0.026",
  "0.000",
  "-0.005",
  "0.018",
  "-0.073",
  "0.008",
  "-0.021",
  "-0.057",
  "-0.121",
  "0.047",
  "0.006",
  "0.048",
  "-0.005",
  "0.055",
  "-0.059",
  "0.060",
  "-0.122",
  "0.017",
  "-0.082",
  "0.044",
  "-0.012",
  "-0.032",
  "0.043",
  "-0.084",
  "-0.032",
  "-0.031",
  "-0.031",
  "0.016",
  "-0.128",
  "0.050",
  "-0.064",
  "-0.000",
  "0.028",
  "0.007",
  "0.001",
  "-0.039",
  "0.031",
  "-0.025",
  "0.083",
  "0.024",
  "0.043",
  "-0.000",
  "0.000",
  "0.025",
  "0.059",
  "0.040",
  "0.026",
  "-0.028",
  "0.040",
  "0.018",
  "0.007",
  "-0.032",
  "0.058",
  "0.028",
  "0.079",
  "0.066",
  "-0.004",
  "0.018",
  "-0.010",
  "0.046",
  "0.039",
  "0.040",
  "0.030",
  "0.016",
  "-0.041",
  "-0.066",
  "-0.029",
  "-0.032",
  "0.046",
  "0.048",
  "0.001",
  "0.053",
  "-0.006",
  "0.023",
  "0.012",
  "0.034",
  "0.003",
  "0.039",
  "0.040",
  "-0.016",
  "-0.033",
  "-0.013",
  "-0.011",
  "0.015",
  "0.028",
  "0.010",
  "-0.059",
  "-0.010",
  "-0.025",
  "-0.038",
  "-0.057",
  "0.048",
  "0.034",
  "0.023",
  "-0.122",
  "0.043",
]
`;
